#-----------------------------------------------------------
# Webtalk v2021.1 (64-bit)
# SW Build 3247384 on Thu Jun 10 19:36:33 MDT 2021
# IP Build 3246043 on Fri Jun 11 00:30:35 MDT 2021
# Start of session at: Wed Sep 22 00:28:09 2021
# Process ID: 48460
# Current directory: C:/Users/Laudi/vivado_projects/ArquiComp2021/TrabajosPacticos/tp1_input/inpu.sim/sim_1/synth/timing/xsim
# Command line: wbtcv.exe -mode batch -source C:/Users/Laudi/vivado_projects/ArquiComp2021/TrabajosPacticos/tp1_input/inpu.sim/sim_1/synth/timing/xsim/xsim.dir/testGeneral_time_synth/webtalk/xsim_webtalk.tcl -notrace
# Log file: C:/Users/Laudi/vivado_projects/ArquiComp2021/TrabajosPacticos/tp1_input/inpu.sim/sim_1/synth/timing/xsim/webtalk.log
# Journal file: C:/Users/Laudi/vivado_projects/ArquiComp2021/TrabajosPacticos/tp1_input/inpu.sim/sim_1/synth/timing/xsim\webtalk.jou
#-----------------------------------------------------------
source C:/Users/Laudi/vivado_projects/ArquiComp2021/TrabajosPacticos/tp1_input/inpu.sim/sim_1/synth/timing/xsim/xsim.dir/testGeneral_time_synth/webtalk/xsim_webtalk.tcl -notrace
