#-----------------------------------------------------------
# Webtalk v2021.1 (64-bit)
# SW Build 3247384 on Thu Jun 10 19:36:33 MDT 2021
# IP Build 3246043 on Fri Jun 11 00:30:35 MDT 2021
# Start of session at: Sun Dec  5 03:54:33 2021
# Process ID: 5076
# Current directory: C:/Users/Laudi/vivado_projects/ArquiComp2021/TrabajosPacticos/tp2_uart/tp2_uart.sim/sim_1/behav/xsim
# Command line: wbtcv.exe -mode batch -source C:/Users/Laudi/vivado_projects/ArquiComp2021/TrabajosPacticos/tp2_uart/tp2_uart.sim/sim_1/behav/xsim/xsim.dir/IT_InterAluTx_behav/webtalk/xsim_webtalk.tcl -notrace
# Log file: C:/Users/Laudi/vivado_projects/ArquiComp2021/TrabajosPacticos/tp2_uart/tp2_uart.sim/sim_1/behav/xsim/webtalk.log
# Journal file: C:/Users/Laudi/vivado_projects/ArquiComp2021/TrabajosPacticos/tp2_uart/tp2_uart.sim/sim_1/behav/xsim\webtalk.jou
#-----------------------------------------------------------
source C:/Users/Laudi/vivado_projects/ArquiComp2021/TrabajosPacticos/tp2_uart/tp2_uart.sim/sim_1/behav/xsim/xsim.dir/IT_InterAluTx_behav/webtalk/xsim_webtalk.tcl -notrace
